<p> Test first line<br> test second line</p>
<p>Test first line<br>test second line</p>


